STRUCTURAL, not fitted:  dvisit 0.300   e_ex 0.550
(see the module docstring: three summary numbers cannot separate a
 decaying selection artefact from a growing top-down effect)
A. placebo clock, start:
   fluct0 6.0000 kfl 0.18000 | wk1 -6.20 (-5.94) wk4 -11.72 (-8.40) wk8 -12.25 (-11.10)  SSR 12.3801
   fluct0 6.0000 kfl 0.18000 | wk1 -6.20 (-5.94) wk4 -11.72 (-8.40) wk8 -12.25 (-11.10)  SSR 12.3801
   fluct0 6.4800 kfl 0.18000 | wk1 -6.54 (-5.94) wk4 -12.19 (-8.40) wk8 -12.73 (-11.10)  SSR 17.3988
   fluct0 6.0000 kfl 0.19440 | wk1 -6.36 (-5.94) wk4 -11.73 (-8.40) wk8 -12.25 (-11.10)  SSR 12.5768
   fluct0 4.4496 kfl 0.22927 | wk1 -5.46 (-5.94) wk4 -10.20 (-8.40) wk8 -10.70 (-11.10)  SSR 3.6245
   fluct0 4.8056 kfl 0.22927 | wk1 -5.74 (-5.94) wk4 -10.55 (-8.40) wk8 -11.05 (-11.10)  SSR 4.6742
   fluct0 4.4496 kfl 0.24761 | wk1 -5.56 (-5.94) wk4 -10.20 (-8.40) wk8 -10.70 (-11.10)  SSR 3.5422
   fluct0 3.8374 kfl 0.38307 | wk1 -5.47 (-5.94) wk4 -9.59 (-8.40) wk8 -10.09 (-11.10)  SSR 2.6643
   fluct0 4.1444 kfl 0.38307 | wk1 -5.76 (-5.94) wk4 -9.90 (-8.40) wk8 -10.39 (-11.10)  SSR 2.7778
   fluct0 3.8374 kfl 0.41372 | wk1 -5.53 (-5.94) wk4 -9.59 (-8.40) wk8 -10.09 (-11.10)  SSR 2.6197
   fluct0 3.7845 kfl 0.64754 | wk1 -5.64 (-5.94) wk4 -9.54 (-8.40) wk8 -10.03 (-11.10)  SSR 2.5224
   fluct0 4.0872 kfl 0.64754 | wk1 -5.94 (-5.94) wk4 -9.84 (-8.40) wk8 -10.34 (-11.10)  SSR 2.6618
   fluct0 3.7845 kfl 0.69934 | wk1 -5.66 (-5.94) wk4 -9.54 (-8.40) wk8 -10.03 (-11.10)  SSR 2.5152
   fluct0 3.8117 kfl 1.23578 | wk1 -5.71 (-5.94) wk4 -9.57 (-8.40) wk8 -10.06 (-11.10)  SSR 2.4924
   fluct0 4.1166 kfl 1.23578 | wk1 -6.02 (-5.94) wk4 -9.87 (-8.40) wk8 -10.37 (-11.10)  SSR 2.7091
   fluct0 3.8117 kfl 1.33464 | wk1 -5.71 (-5.94) wk4 -9.57 (-8.40) wk8 -10.06 (-11.10)  SSR 2.4923
   fluct0 3.8449 kfl 1.88201 | wk1 -5.74 (-5.94) wk4 -9.60 (-8.40) wk8 -10.09 (-11.10)  SSR 2.4887
   fluct0 4.1525 kfl 1.88201 | wk1 -6.05 (-5.94) wk4 -9.91 (-8.40) wk8 -10.40 (-11.10)  SSR 2.7714
   fluct0 3.8449 kfl 1.73145 | wk1 -5.74 (-5.94) wk4 -9.60 (-8.40) wk8 -10.09 (-11.10)  SSR 2.4887
   fluct0 3.8455 kfl 1.99963 | wk1 -5.75 (-5.94) wk4 -9.60 (-8.40) wk8 -10.09 (-11.10)  SSR 2.4887
   fluct0 4.1531 kfl 1.99963 | wk1 -6.05 (-5.94) wk4 -9.91 (-8.40) wk8 -10.40 (-11.10)  SSR 2.7726
   fluct0 3.8455 kfl 1.83966 | wk1 -5.75 (-5.94) wk4 -9.60 (-8.40) wk8 -10.09 (-11.10)  SSR 2.4887
A. fitted: fluct0 3.8455  kfl 1.99963 (tau 0.3 d)
B. escitalopram 10 mg (serotonergic arm):
   k5ht_eff 0.0050 -> delta -0.094 (target -2.450)  [drug -10.19, placebo -10.09]
   k5ht_eff 1.2000 -> delta -10.135 (target -2.450)  [drug -20.23, placebo -10.09]
   k5ht_eff 0.0050 -> delta -0.094 (target -2.450)  [drug -10.19, placebo -10.09]
   k5ht_eff 1.2000 -> delta -10.135 (target -2.450)  [drug -20.23, placebo -10.09]
   k5ht_eff 0.2854 -> delta -5.931 (target -2.450)  [drug -16.03, placebo -10.09]
   k5ht_eff 0.1182 -> delta -2.297 (target -2.450)  [drug -12.39, placebo -10.09]
   k5ht_eff 0.1257 -> delta -2.450 (target -2.450)  [drug -12.54, placebo -10.09]
   k5ht_eff 0.1269 -> delta -2.474 (target -2.450)  [drug -12.57, placebo -10.09]
C. pregabalin 300 mg:
   emax_pgb 0.0100 -> delta -1.309 (target -2.790)  [drug -11.40, placebo -10.09]
   emax_pgb 0.9500 -> delta -10.148 (target -2.790)  [drug -20.24, placebo -10.09]
   emax_pgb 0.0100 -> delta -1.309 (target -2.790)  [drug -11.40, placebo -10.09]
   emax_pgb 0.9500 -> delta -10.148 (target -2.790)  [drug -20.24, placebo -10.09]
   emax_pgb 0.1675 -> delta -4.281 (target -2.790)  [drug -14.38, placebo -10.09]
   emax_pgb 0.0885 -> delta -2.683 (target -2.790)  [drug -12.78, placebo -10.09]
   emax_pgb 0.0942 -> delta -2.790 (target -2.790)  [drug -12.89, placebo -10.09]
   emax_pgb 0.0932 -> delta -2.773 (target -2.790)  [drug -12.87, placebo -10.09]
D. alprazolam 1.5 mg:
   emax_a2 0.0500 -> delta -0.380 (target -2.500)  [drug -9.98, placebo -9.60]
   emax_a2 11.0000 -> delta -10.643 (target -2.500)  [drug -20.24, placebo -9.60]
   emax_a2 0.0500 -> delta -0.380 (target -2.500)  [drug -9.98, placebo -9.60]
   emax_a2 11.0000 -> delta -10.643 (target -2.500)  [drug -20.24, placebo -9.60]
   emax_a2 2.3121 -> delta -10.325 (target -2.500)  [drug -19.93, placebo -9.60]
   emax_a2 0.5322 -> delta -2.338 (target -2.500)  [drug -11.94, placebo -9.60]
   emax_a2 0.5714 -> delta -2.502 (target -2.500)  [drug -12.10, placebo -9.60]
   emax_a2 0.5604 -> delta -2.456 (target -2.500)  [drug -12.06, placebo -9.60]
{
  "fluct0": 3.845504930977531,
  "kfl": 1.9996282975578663,
  "dvisit": 0.3,
  "e_ex": 0.55,
  "k5ht_eff": 0.12574626670410863,
  "emax_pgb": 0.09418986388858155,
  "emax_a2": 0.5713567935682268
}

FINAL FIT vs the six calibration numbers
  placebo week 1        :   -5.75   target   -5.94
  placebo week 4        :   -9.60   target   -8.40
  placebo week 8        :  -10.09   target  -11.10
  escitalopram 10 delta :   -2.45   target   -2.45
  pregabalin 300 delta  :   -2.79   target   -2.79
  alprazolam 1.5 delta  :   -2.50   target   -2.50
