
=== STAGE 1: placental conveyor (v0, g_pl) ===
targets: F/M total IgG = 0.075 at 19.5 wk, 1.25 at 39 wk (Malek 1996)
   v0=0.002 g_pl=0.3000 -> F/M 0.5583 21.7793  resid 2.0074 2.8578
   v0=0.0013775 g_pl=0.3000 -> F/M 0.4034 13.5200  resid 1.6825 2.3810
   v0=0.002 g_pl=0.3180 -> F/M 0.5370 33.5297  resid 1.9685 3.2893
   v0=0.00020136 g_pl=0.3032 -> F/M 0.0659 2.0525  resid -0.1292 0.4959
   v0=0.00012084 g_pl=0.3032 -> F/M 0.0400 1.3229  resid -0.6297 0.0567
   v0=0.00020136 g_pl=0.3214 -> F/M 0.0626 2.7141  resid -0.1810 0.7753
   v0=0.00020804 g_pl=0.2691 -> F/M 0.0752 1.2830  resid 0.0026 0.0261
   v0=0.00012509 g_pl=0.2691 -> F/M 0.0458 0.8346  resid -0.4934 -0.4039
   v0=0.00020804 g_pl=0.2853 -> F/M 0.0717 1.6183  resid -0.0452 0.2582
   v0=0.00020659 g_pl=0.2677 -> F/M 0.0750 1.2504  resid 0.0001 0.0003
   v0=0.00012417 g_pl=0.2677 -> F/M 0.0457 0.8130  resid -0.4964 -0.4302
   v0=0.00020659 g_pl=0.2838 -> F/M 0.0715 1.5743  resid -0.0476 0.2307
   v0=0.00020657 g_pl=0.2677 -> F/M 0.0750 1.2500  resid 0.0000 0.0000
   v0=0.00012416 g_pl=0.2677 -> F/M 0.0457 0.8128  resid -0.4964 -0.4305
   v0=0.00020657 g_pl=0.2838 -> F/M 0.0715 1.5738  resid -0.0477 0.2304
   FITTED v0 = 0.000206568 /d, g_pl = 0.2677 /wk

=== STAGE 2: destruction (kops) -- one parameter, one target ===
target: anti-D 15 IU/mL -> Hb 0.65 MoM at 26.0 wk
   kops=0.03 -> GA(0.65 MoM) = 33.29 wk
   kops=1.2 -> GA(0.65 MoM) = 15.00 wk
   kops=0.13045 -> GA(0.65 MoM) = 24.71 wk
   kops=0.10464 -> GA(0.65 MoM) = 26.14 wk
   kops=0.10697 -> GA(0.65 MoM) = 26.00 wk
   FITTED kops = 0.106972

=== STAGE 3: sensitisation (ksens, dev) ===
targets: 16.0% with no prophylaxis, 1.6% with postpartum 300 ug
   ksens=0.02 fmh_ante=0.0200 mL -> none 0.2659  pp 0.02070  resid 0.508 0.258
   ksens=0.013525 fmh_ante=0.0200 mL -> none 0.2113  pp 0.01441  resid 0.278 -0.104
   ksens=0.02 fmh_ante=0.0135 mL -> none 0.2623  pp 0.01816  resid 0.494 0.127
   ksens=0.0075114 fmh_ante=0.1389 mL -> none 0.1729  pp 0.02582  resid 0.078 0.479
   ksens=0.0046057 fmh_ante=0.1389 mL -> none 0.1205  pp 0.01599  resid -0.283 -0.001
   ksens=0.0075114 fmh_ante=0.1140 mL -> none 0.1670  pp 0.02217  resid 0.043 0.326
   ksens=0.0079831 fmh_ante=0.0692 mL -> none 0.1630  pp 0.01651  resid 0.019 0.031
   ksens=0.0049248 fmh_ante=0.0692 mL -> none 0.1153  pp 0.01030  resid -0.327 -0.440
   ksens=0.0079831 fmh_ante=0.0529 mL -> none 0.1589  pp 0.01396  resid -0.007 -0.137
   ksens=0.0077887 fmh_ante=0.0684 mL -> none 0.1601  pp 0.01600  resid 0.000 -0.000
   ksens=0.0047931 fmh_ante=0.0684 mL -> none 0.1129  pp 0.00996  resid -0.349 -0.474
   ksens=0.0077887 fmh_ante=0.0523 mL -> none 0.1561  pp 0.01353  resid -0.025 -0.168
   ksens=0.0077817 fmh_ante=0.0685 mL -> none 0.1600  pp 0.01600  resid 0.000 0.000
   ksens=0.0047883 fmh_ante=0.0685 mL -> none 0.1128  pp 0.00996  resid -0.349 -0.474
   ksens=0.0077817 fmh_ante=0.0524 mL -> none 0.1560  pp 0.01353  resid -0.025 -0.168
   ksens=0.0077812 fmh_ante=0.0685 mL -> none 0.1600  pp 0.01600  resid 0.000 0.000
   ksens=0.004788 fmh_ante=0.0685 mL -> none 0.1128  pp 0.00996  resid -0.349 -0.474
   ksens=0.0077812 fmh_ante=0.0524 mL -> none 0.1560  pp 0.01353  resid -0.025 -0.168
   FITTED ksens = 0.00778122 /(mL.d), fmh_ante = 0.06850 mL

=== STAGE 4: neonatal conjugation (ugt_birth, ugt_t50) ===
targets: healthy term TSB peak 8.0 mg/dL at 4.0 d; 2.5 mg/dL at 14 d
   ugt0=0.0750 t50=25.50 -> peak 8.15 at 6.00 d, d14 3.15
   ugt0=0.0610 t50=25.50 -> peak 8.97 at 6.00 d, d14 3.41
   ugt0=0.0750 t50=33.04 -> peak 9.19 at 7.00 d, d14 4.74
   ugt0=0.0604 t50=20.51 -> peak 8.06 at 5.00 d, d14 2.46
   ugt0=0.0482 t50=20.51 -> peak 8.68 at 5.00 d, d14 2.57
   ugt0=0.0604 t50=26.12 -> peak 9.11 at 6.00 d, d14 3.57
   ugt0=0.0535 t50=19.00 -> peak 8.09 at 5.00 d, d14 2.27
   ugt0=0.0595 t50=19.85 -> peak 7.97 at 5.00 d, d14 2.36
   ugt0=0.0604 t50=20.33 -> peak 8.03 at 5.00 d, d14 2.43
   ugt0=0.0604 t50=20.47 -> peak 8.05 at 5.00 d, d14 2.45
   ugt0=0.0482 t50=20.47 -> peak 8.67 at 5.00 d, d14 2.56
   ugt0=0.0604 t50=26.06 -> peak 9.10 at 6.00 d, d14 3.55

=== FITTED PARAMETER SET (7 numbers) ===
   v0         = 0.000206568
   g_pl       = 0.267701
   kops       = 0.106972
   ksens      = 0.00778122
   fmh_ante   = 0.0684966
   ugt_birth  = 0.0603747
   ugt_t50    = 20.4664

written to hdfn_calibration.json
